---
source: tests/cert_certify_spec.rs
expression: golden
---
== cert-manifest.json ==
{
  "schema_version": 9,
  "format": {"version": 1, "wall_id": "sha256:ed89b143414bdff0bfadb49a49bc1e7d8c537365b69549c65f7e82fbccf73cef"},
  "wasm": "wasip2_carrierless.component.wasm",
  "wasm_sha256": "0e7064150f82e180dff6f774a8f48711acd2ea21d183ee06576d4f7c9f135aed",
  "target": "wasip2",
  "level": "L1",
  "profile": "AverUserProfile/v1",
  "abi": "aver-wasip2/0",
  "wasip2ComponentEnvelope": {"kind": "prefix-core-suffix/v1", "prefix_len": 11, "embedded_core_module_len": 2496, "suffix_len": 478},
  "final_theorem": "AverCert.Final.cert",
  "artifact_certificate_root": "AverCert.Artifact.certificate",
  "carrier_type_index": null,
  "runtime_contracts": [
    "String.concat (container-of-string-arrays -> byte-concatenated array)"
  ],
  "laws": [],
  "sourceBridges": [
    {"export": "greet", "theorem": "AverCert.Bridge.greet", "corollary": "AverCert.Bridge.greet_certified", "model": "Wasip2Carrierless.greet", "kind": "exact", "params": [{"kind": "string"}], "result": {"kind": "string"}},
    {"export": "shout", "theorem": "AverCert.Bridge.shout", "corollary": "AverCert.Bridge.shout_certified", "model": "Wasip2Carrierless.shout", "kind": "exact", "params": [{"kind": "string"}], "result": {"kind": "string"}}
  ],
  "sourceBridgesDeclined": [
    {"export": "main", "reason": "the Lean source model has no definition for this function"}
  ],
  "declaredUncertified": [
    {"name": "wasi:cli/run@0.2.4#run", "reason": "module export is outside the claimed certification obligations"},
    {"name": "memory", "reason": "module export is outside the claimed certification obligations"},
    {"name": "__caller_fn_count", "reason": "module export is outside the claimed certification obligations"},
    {"name": "__caller_fn_name", "reason": "module export is outside the claimed certification obligations"}
  ],
  "capabilities": [],
  "start": {"present": false, "function_index": null},
  "hostRoleTable": null,
  "stringHostRoles": [{"function_index": 4, "role": "stringConcat"}, {"function_index": 8, "role": "stringEq"}],
  "certified": [
    {"name": "greet", "class": "source-plan-v1", "facets": ["strings"], "policy": "simulatesModel", "level": "L1", "theorem": "AcceptanceSoundness.fn_claim_discharges"},
    {"name": "shout", "class": "source-plan-v1", "facets": ["strings"], "policy": "simulatesModel", "level": "L1", "theorem": "AcceptanceSoundness.fn_claim_discharges"},
    {"name": "main", "class": "source-plan-v1", "facets": ["calls", "strings"], "policy": "simulatesModel", "level": "L1", "theorem": "AcceptanceSoundness.fn_claim_discharges"}
  ],
  "source_level_only": []
}

== Artifact.data envelope ==
    manifest := AverCert.manifest, wasip2ComponentEnvelope := some { prefixLen := 11, embeddedCoreModuleLen := 2496, suffixLen := 478 },
